// Jest Snapshot v1, https://goo.gl/fbAQLP

exports[`renders Counter correctly 1`] = `
<View
  style={
    Object {
      "marginBottom": 22,
    }
  }
>
  <Text
    style={
      Object {
        "alignSelf": "flex-start",
        "color": "#fff",
        "fontSize": 15,
        "fontWeight": "bold",
        "marginBottom": 12,
      }
    }
  >
    counter
  </Text>
  <View
    style={
      Object {
        "alignItems": "center",
        "alignSelf": "flex-start",
        "backgroundColor": "#72B5A8",
        "borderColor": "#3C796D",
        "borderRadius": 5,
        "borderWidth": 3,
        "flexDirection": "row",
        "justifyContent": "space-between",
        "paddingHorizontal": 6,
        "paddingVertical": 10,
      }
    }
  >
    <Text
      style={
        Object {
          "color": "#2D3436",
          "fontSize": 20,
          "width": 20,
        }
      }
    >
      0
    </Text>
    <View
      style={
        Object {
          "flexDirection": "row",
        }
      }
    >
      <View
        accessible={true}
        focusable={true}
        onClick={[Function]}
        onResponderGrant={[Function]}
        onResponderMove={[Function]}
        onResponderRelease={[Function]}
        onResponderTerminate={[Function]}
        onResponderTerminationRequest={[Function]}
        onStartShouldSetResponder={[Function]}
        style={
          Object {
            "backgroundColor": "#3C796D",
            "borderRadius": 5,
            "marginLeft": 10,
            "opacity": 1,
            "paddingHorizontal": 10,
            "paddingVertical": 5,
          }
        }
      >
        <Text
          style={
            Object {
              "color": "#fff",
              "fontSize": 20,
              "fontWeight": "bold",
            }
          }
        >
          -
        </Text>
      </View>
      <View
        accessible={true}
        focusable={true}
        onClick={[Function]}
        onResponderGrant={[Function]}
        onResponderMove={[Function]}
        onResponderRelease={[Function]}
        onResponderTerminate={[Function]}
        onResponderTerminationRequest={[Function]}
        onStartShouldSetResponder={[Function]}
        style={
          Object {
            "backgroundColor": "#3C796D",
            "borderRadius": 5,
            "marginLeft": 10,
            "opacity": 1,
            "paddingHorizontal": 10,
            "paddingVertical": 5,
          }
        }
      >
        <Text
          style={
            Object {
              "color": "#fff",
              "fontSize": 20,
              "fontWeight": "bold",
            }
          }
        >
          +
        </Text>
      </View>
    </View>
  </View>
</View>
`;
